Archive member included to satisfy reference by file (symbol)

F:/STM32CubeIDE/STM32CubeIDE_1.14.1/STM32CubeIDE/plugins/com.st.stm32cube.ide.mcu.externaltools.gnu-tools-for-stm32.12.3.rel1.win32_1.0.100.202403111256/tools/bin/../lib/gcc/arm-none-eabi/12.3.1/../../../../arm-none-eabi/lib/thumb/v7-m/nofp\libc_nano.a(libc_a-exit.o)
                              F:/STM32CubeIDE/STM32CubeIDE_1.14.1/STM32CubeIDE/plugins/com.st.stm32cube.ide.mcu.externaltools.gnu-tools-for-stm32.12.3.rel1.win32_1.0.100.202403111256/tools/bin/../lib/gcc/arm-none-eabi/12.3.1/../../../../arm-none-eabi/lib/thumb/v7-m/nofp/crt0.o (exit)
F:/STM32CubeIDE/STM32CubeIDE_1.14.1/STM32CubeIDE/plugins/com.st.stm32cube.ide.mcu.externaltools.gnu-tools-for-stm32.12.3.rel1.win32_1.0.100.202403111256/tools/bin/../lib/gcc/arm-none-eabi/12.3.1/../../../../arm-none-eabi/lib/thumb/v7-m/nofp\libc_nano.a(libc_a-findfp.o)
                              F:/STM32CubeIDE/STM32CubeIDE_1.14.1/STM32CubeIDE/plugins/com.st.stm32cube.ide.mcu.externaltools.gnu-tools-for-stm32.12.3.rel1.win32_1.0.100.202403111256/tools/bin/../lib/gcc/arm-none-eabi/12.3.1/../../../../arm-none-eabi/lib/thumb/v7-m/nofp\libc_nano.a(libc_a-exit.o) (__stdio_exit_handler)
F:/STM32CubeIDE/STM32CubeIDE_1.14.1/STM32CubeIDE/plugins/com.st.stm32cube.ide.mcu.externaltools.gnu-tools-for-stm32.12.3.rel1.win32_1.0.100.202403111256/tools/bin/../lib/gcc/arm-none-eabi/12.3.1/../../../../arm-none-eabi/lib/thumb/v7-m/nofp\libc_nano.a(libc_a-fwalk.o)
                              F:/STM32CubeIDE/STM32CubeIDE_1.14.1/STM32CubeIDE/plugins/com.st.stm32cube.ide.mcu.externaltools.gnu-tools-for-stm32.12.3.rel1.win32_1.0.100.202403111256/tools/bin/../lib/gcc/arm-none-eabi/12.3.1/../../../../arm-none-eabi/lib/thumb/v7-m/nofp\libc_nano.a(libc_a-findfp.o) (_fwalk_sglue)
F:/STM32CubeIDE/STM32CubeIDE_1.14.1/STM32CubeIDE/plugins/com.st.stm32cube.ide.mcu.externaltools.gnu-tools-for-stm32.12.3.rel1.win32_1.0.100.202403111256/tools/bin/../lib/gcc/arm-none-eabi/12.3.1/../../../../arm-none-eabi/lib/thumb/v7-m/nofp\libc_nano.a(libc_a-stdio.o)
                              F:/STM32CubeIDE/STM32CubeIDE_1.14.1/STM32CubeIDE/plugins/com.st.stm32cube.ide.mcu.externaltools.gnu-tools-for-stm32.12.3.rel1.win32_1.0.100.202403111256/tools/bin/../lib/gcc/arm-none-eabi/12.3.1/../../../../arm-none-eabi/lib/thumb/v7-m/nofp\libc_nano.a(libc_a-findfp.o) (__sread)
F:/STM32CubeIDE/STM32CubeIDE_1.14.1/STM32CubeIDE/plugins/com.st.stm32cube.ide.mcu.externaltools.gnu-tools-for-stm32.12.3.rel1.win32_1.0.100.202403111256/tools/bin/../lib/gcc/arm-none-eabi/12.3.1/../../../../arm-none-eabi/lib/thumb/v7-m/nofp\libc_nano.a(libc_a-memset.o)
                              F:/STM32CubeIDE/STM32CubeIDE_1.14.1/STM32CubeIDE/plugins/com.st.stm32cube.ide.mcu.externaltools.gnu-tools-for-stm32.12.3.rel1.win32_1.0.100.202403111256/tools/bin/../lib/gcc/arm-none-eabi/12.3.1/../../../../arm-none-eabi/lib/thumb/v7-m/nofp/crt0.o (memset)
F:/STM32CubeIDE/STM32CubeIDE_1.14.1/STM32CubeIDE/plugins/com.st.stm32cube.ide.mcu.externaltools.gnu-tools-for-stm32.12.3.rel1.win32_1.0.100.202403111256/tools/bin/../lib/gcc/arm-none-eabi/12.3.1/../../../../arm-none-eabi/lib/thumb/v7-m/nofp\libc_nano.a(libc_a-closer.o)
                              F:/STM32CubeIDE/STM32CubeIDE_1.14.1/STM32CubeIDE/plugins/com.st.stm32cube.ide.mcu.externaltools.gnu-tools-for-stm32.12.3.rel1.win32_1.0.100.202403111256/tools/bin/../lib/gcc/arm-none-eabi/12.3.1/../../../../arm-none-eabi/lib/thumb/v7-m/nofp\libc_nano.a(libc_a-stdio.o) (_close_r)
F:/STM32CubeIDE/STM32CubeIDE_1.14.1/STM32CubeIDE/plugins/com.st.stm32cube.ide.mcu.externaltools.gnu-tools-for-stm32.12.3.rel1.win32_1.0.100.202403111256/tools/bin/../lib/gcc/arm-none-eabi/12.3.1/../../../../arm-none-eabi/lib/thumb/v7-m/nofp\libc_nano.a(libc_a-reent.o)
                              F:/STM32CubeIDE/STM32CubeIDE_1.14.1/STM32CubeIDE/plugins/com.st.stm32cube.ide.mcu.externaltools.gnu-tools-for-stm32.12.3.rel1.win32_1.0.100.202403111256/tools/bin/../lib/gcc/arm-none-eabi/12.3.1/../../../../arm-none-eabi/lib/thumb/v7-m/nofp\libc_nano.a(libc_a-closer.o) (errno)
F:/STM32CubeIDE/STM32CubeIDE_1.14.1/STM32CubeIDE/plugins/com.st.stm32cube.ide.mcu.externaltools.gnu-tools-for-stm32.12.3.rel1.win32_1.0.100.202403111256/tools/bin/../lib/gcc/arm-none-eabi/12.3.1/../../../../arm-none-eabi/lib/thumb/v7-m/nofp\libc_nano.a(libc_a-impure.o)
                              F:/STM32CubeIDE/STM32CubeIDE_1.14.1/STM32CubeIDE/plugins/com.st.stm32cube.ide.mcu.externaltools.gnu-tools-for-stm32.12.3.rel1.win32_1.0.100.202403111256/tools/bin/../lib/gcc/arm-none-eabi/12.3.1/../../../../arm-none-eabi/lib/thumb/v7-m/nofp\libc_nano.a(libc_a-reent.o) (_impure_ptr)
F:/STM32CubeIDE/STM32CubeIDE_1.14.1/STM32CubeIDE/plugins/com.st.stm32cube.ide.mcu.externaltools.gnu-tools-for-stm32.12.3.rel1.win32_1.0.100.202403111256/tools/bin/../lib/gcc/arm-none-eabi/12.3.1/../../../../arm-none-eabi/lib/thumb/v7-m/nofp\libc_nano.a(libc_a-lseekr.o)
[...]
Memory Configuration

Name             Origin             Length             Attributes
RAM              0x20000000         0x00005000         xrw
FLASH            0x08000000         0x00010000         xr
*default*        0x00000000         0xffffffff

Linker script and memory map

LOAD F:/STM32CubeIDE/STM32CubeIDE_1.14.1/STM32CubeIDE/plugins/com.st.stm32cube.ide.mcu.externaltools.gnu-tools-for-stm32.12.3.rel1.win32_1.0.100.202403111256/tools/bin/../lib/gcc/arm-none-eabi/12.3.1/thumb/v7-m/nofp/crti.o
LOAD F:/STM32CubeIDE/STM32CubeIDE_1.14.1/STM32CubeIDE/plugins/com.st.stm32cube.ide.mcu.externaltools.gnu-tools-for-stm32.12.3.rel1.win32_1.0.100.202403111256/tools/bin/../lib/gcc/arm-none-eabi/12.3.1/thumb/v7-m/nofp/crtbegin.o
LOAD F:/STM32CubeIDE/STM32CubeIDE_1.14.1/STM32CubeIDE/plugins/com.st.stm32cube.ide.mcu.externaltools.gnu-tools-for-stm32.12.3.rel1.win32_1.0.100.202403111256/tools/bin/../lib/gcc/arm-none-eabi/12.3.1/../../../../arm-none-eabi/lib/thumb/v7-m/nofp/crt0.o
LOAD ./Core/Src/CANSPI.o
LOAD ./Core/Src/MCP2515.o
LOAD ./Core/Src/main.o
LOAD ./Core/Src/stm32f1xx_it.o
LOAD ./Core/Src/syscalls.o
LOAD ./Core/Src/sysmem.o
LOAD ./Core/Src/system_stm32f1xx.o
LOAD ./Core/Startup/startup_stm32f103c8tx.o
LOAD ./Drivers/STM32F1xx_HAL_Driver/Src/stm32f1xx_ll_dma.o
LOAD ./Drivers/STM32F1xx_HAL_Driver/Src/stm32f1xx_ll_exti.o
LOAD ./Drivers/STM32F1xx_HAL_Driver/Src/stm32f1xx_ll_gpio.o
LOAD ./Drivers/STM32F1xx_HAL_Driver/Src/stm32f1xx_ll_pwr.o
LOAD ./Drivers/STM32F1xx_HAL_Driver/Src/stm32f1xx_ll_rcc.o
LOAD ./Drivers/STM32F1xx_HAL_Driver/Src/stm32f1xx_ll_spi.o
LOAD ./Drivers/STM32F1xx_HAL_Driver/Src/stm32f1xx_ll_utils.o
START GROUP
LOAD F:/STM32CubeIDE/STM32CubeIDE_1.14.1/STM32CubeIDE/plugins/com.st.stm32cube.ide.mcu.externaltools.gnu-tools-for-stm32.12.3.rel1.win32_1.0.100.202403111256/tools/bin/../lib/gcc/arm-none-eabi/12.3.1/../../../../arm-none-eabi/lib/thumb/v7-m/nofp\libc_nano.a
LOAD F:/STM32CubeIDE/STM32CubeIDE_1.14.1/STM32CubeIDE/plugins/com.st.stm32cube.ide.mcu.externaltools.gnu-tools-for-stm32.12.3.rel1.win32_1.0.100.202403111256/tools/bin/../lib/gcc/arm-none-eabi/12.3.1/../../../../arm-none-eabi/lib/thumb/v7-m/nofp\libm.a
END GROUP
START GROUP
LOAD F:/STM32CubeIDE/STM32CubeIDE_1.14.1/STM32CubeIDE/plugins/com.st.stm32cube.ide.mcu.externaltools.gnu-tools-for-stm32.12.3.rel1.win32_1.0.100.202403111256/tools/bin/../lib/gcc/arm-none-eabi/12.3.1/thumb/v7-m/nofp\libgcc.a
LOAD F:/STM32CubeIDE/STM32CubeIDE_1.14.1/STM32CubeIDE/plugins/com.st.stm32cube.ide.mcu.externaltools.gnu-tools-for-stm32.12.3.rel1.win32_1.0.100.202403111256/tools/bin/../lib/gcc/arm-none-eabi/12.3.1/../../../../arm-none-eabi/lib/thumb/v7-m/nofp\libc_nano.a
END GROUP
START GROUP
LOAD F:/STM32CubeIDE/STM32CubeIDE_1.14.1/STM32CubeIDE/plugins/com.st.stm32cube.ide.mcu.externaltools.gnu-tools-for-stm32.12.3.rel1.win32_1.0.100.202403111256/tools/bin/../lib/gcc/arm-none-eabi/12.3.1/thumb/v7-m/nofp\libgcc.a
LOAD F:/STM32CubeIDE/STM32CubeIDE_1.14.1/STM32CubeIDE/plugins/com.st.stm32cube.ide.mcu.externaltools.gnu-tools-for-stm32.12.3.rel1.win32_1.0.100.202403111256/tools/bin/../lib/gcc/arm-none-eabi/12.3.1/../../../../arm-none-eabi/lib/thumb/v7-m/nofp\libc_nano.a
LOAD F:/STM32CubeIDE/STM32CubeIDE_1.14.1/STM32CubeIDE/plugins/com.st.stm32cube.ide.mcu.externaltools.gnu-tools-for-stm32.12.3.rel1.win32_1.0.100.202403111256/tools/bin/../lib/gcc/arm-none-eabi/12.3.1/../../../../arm-none-eabi/lib/thumb/v7-m/nofp\libnosys.a
END GROUP
START GROUP
LOAD F:/STM32CubeIDE/STM32CubeIDE_1.14.1/STM32CubeIDE/plugins/com.st.stm32cube.ide.mcu.externaltools.gnu-tools-for-stm32.12.3.rel1.win32_1.0.100.202403111256/tools/bin/../lib/gcc/arm-none-eabi/12.3.1/thumb/v7-m/nofp\libgcc.a
LOAD F:/STM32CubeIDE/STM32CubeIDE_1.14.1/STM32CubeIDE/plugins/com.st.stm32cube.ide.mcu.externaltools.gnu-tools-for-stm32.12.3.rel1.win32_1.0.100.202403111256/tools/bin/../lib/gcc/arm-none-eabi/12.3.1/../../../../arm-none-eabi/lib/thumb/v7-m/nofp\libc_nano.a
LOAD F:/STM32CubeIDE/STM32CubeIDE_1.14.1/STM32CubeIDE/plugins/com.st.stm32cube.ide.mcu.externaltools.gnu-tools-for-stm32.12.3.rel1.win32_1.0.100.202403111256/tools/bin/../lib/gcc/arm-none-eabi/12.3.1/../../../../arm-none-eabi/lib/thumb/v7-m/nofp\libnosys.a
END GROUP
LOAD F:/STM32CubeIDE/STM32CubeIDE_1.14.1/STM32CubeIDE/plugins/com.st.stm32cube.ide.mcu.externaltools.gnu-tools-for-stm32.12.3.rel1.win32_1.0.100.202403111256/tools/bin/../lib/gcc/arm-none-eabi/12.3.1/thumb/v7-m/nofp/crtend.o
LOAD F:/STM32CubeIDE/STM32CubeIDE_1.14.1/STM32CubeIDE/plugins/com.st.stm32cube.ide.mcu.externaltools.gnu-tools-for-stm32.12.3.rel1.win32_1.0.100.202403111256/tools/bin/../lib/gcc/arm-none-eabi/12.3.1/thumb/v7-m/nofp/crtn.o
                0x20005000                        _estack = (ORIGIN (RAM) + LENGTH (RAM))
                0x00000200                        _Min_Heap_Size = 0x200
                0x00000400                        _Min_Stack_Size = 0x400

.isr_vector     0x08000000      0x10c
                0x08000000                        . = ALIGN (0x4)
 *(.isr_vector)
 .isr_vector    0x08000000      0x10c ./Core/Startup/startup_stm32f103c8tx.o
                0x08000000                g_pfnVectors
                0x0800010c                        . = ALIGN (0x4)

.text           0x0800010c     0x1244
                0x0800010c                        . = ALIGN (0x4)
 *(.text)
 .text          0x0800010c       0x40 F:/STM32CubeIDE/STM32CubeIDE_1.14.1/STM32CubeIDE/plugins/com.st.stm32cube.ide.mcu.externaltools.gnu-tools-for-stm32.12.3.rel1.win32_1.0.100.202403111256/tools/bin/../lib/gcc/arm-none-eabi/12.3.1/thumb/v7-m/nofp/crtbegin.o
 *(.text*)
 .text.CANSPI_Initialize
                0x0800014c      0x17c ./Core/Src/CANSPI.o
                0x0800014c                CANSPI_Initialize
 .text.CANSPI_Transmit
                0x080002c8       0xf0 ./Core/Src/CANSPI.o
                0x080002c8                CANSPI_Transmit
 .text.convertCANid2Reg
                0x080003b8       0xa8 ./Core/Src/CANSPI.o
 .text.LL_SPI_IsActiveFlag_RXNE
                0x08000460       0x24 ./Core/Src/MCP2515.o
 .text.LL_SPI_IsActiveFlag_TXE
                0x08000484       0x24 ./Core/Src/MCP2515.o
 .text.LL_SPI_IsActiveFlag_BSY
                0x080004a8       0x24 ./Core/Src/MCP2515.o
 .text.LL_SPI_ReceiveData8
                0x080004cc       0x1a ./Core/Src/MCP2515.o
 .text.LL_SPI_TransmitData8
                0x080004e6       0x22 ./Core/Src/MCP2515.o
 .text.LL_GPIO_SetOutputPin
                0x08000508       0x1e ./Core/Src/MCP2515.o
 .text.LL_GPIO_ResetOutputPin
                0x08000526       0x1e ./Core/Src/MCP2515.o
 .text.MCP2515_Initialize
                0x08000544       0x64 ./Core/Src/MCP2515.o
                0x08000544                MCP2515_Initialize
 .text.MCP2515_SetConfigMode
                0x080005a8       0x3c ./Core/Src/MCP2515.o
                0x080005a8                MCP2515_SetConfigMode
 .text.MCP2515_SetNormalMode
                0x080005e4       0x3c ./Core/Src/MCP2515.o
                0x080005e4                MCP2515_SetNormalMode
 .text.MCP2515_Reset
                0x08000620       0x28 ./Core/Src/MCP2515.o
                0x08000620                MCP2515_Reset
 .text.MCP2515_ReadByte
                0x08000648       0x44 ./Core/Src/MCP2515.o
                0x08000648                MCP2515_ReadByte
 .text.MCP2515_WriteByte
                0x0800068c       0x48 ./Core/Src/MCP2515.o
                0x0800068c                MCP2515_WriteByte
 .text.MCP2515_WriteByteSequence
                0x080006d4       0x54 ./Core/Src/MCP2515.o
                0x080006d4                MCP2515_WriteByteSequence
 .text.MCP2515_LoadTxSequence
                0x08000728       0x54 ./Core/Src/MCP2515.o
                0x08000728                MCP2515_LoadTxSequence
 .text.MCP2515_RequestToSend
                0x0800077c       0x34 ./Core/Src/MCP2515.o
                0x0800077c                MCP2515_RequestToSend
 .text.MCP2515_ReadStatus
                0x080007b0       0x38 ./Core/Src/MCP2515.o
                0x080007b0                MCP2515_ReadStatus
 .text.SPI_Tx   0x080007e8       0x44 ./Core/Src/MCP2515.o
 .text.SPI_TxBuffer
                0x0800082c       0x38 ./Core/Src/MCP2515.o
 .text.SPI_Rx   0x08000864       0x38 ./Core/Src/MCP2515.o
 .text.__NVIC_SetPriorityGrouping
                0x0800089c       0x48 ./Core/Src/main.o
 .text.__NVIC_GetPriorityGrouping
                0x080008e4       0x1c ./Core/Src/main.o
 .text.__NVIC_SetPriority
                0x08000900       0x54 ./Core/Src/main.o
 .text.NVIC_EncodePriority
                0x08000954       0x64 ./Core/Src/main.o
 .text.LL_RCC_HSE_Enable
                0x080009b8       0x1c ./Core/Src/main.o
 .text.LL_RCC_HSE_IsReady
                0x080009d4       0x24 ./Core/Src/main.o
 .text.LL_RCC_SetSysClkSource
                0x080009f8       0x28 ./Core/Src/main.o
 .text.LL_RCC_GetSysClkSource
                0x08000a20       0x18 ./Core/Src/main.o
 .text.LL_RCC_SetAHBPrescaler
                0x08000a38       0x28 ./Core/Src/main.o
 .text.LL_RCC_SetAPB1Prescaler
                0x08000a60       0x28 ./Core/Src/main.o
 .text.LL_RCC_SetAPB2Prescaler
                0x08000a88       0x28 ./Core/Src/main.o
 .text.LL_APB1_GRP1_EnableClock
                0x08000ab0       0x30 ./Core/Src/main.o
 .text.LL_APB2_GRP1_EnableClock
                0x08000ae0       0x30 ./Core/Src/main.o
 .text.LL_FLASH_SetLatency
                0x08000b10       0x28 ./Core/Src/main.o
 .text.LL_FLASH_GetLatency
                0x08000b38       0x18 ./Core/Src/main.o
 .text.LL_SPI_Enable
                0x08000b50       0x1e ./Core/Src/main.o
 .text.LL_GPIO_ResetOutputPin
                0x08000b6e       0x1e ./Core/Src/main.o
 .text.LL_GPIO_TogglePin
                0x08000b8c       0x38 ./Core/Src/main.o
 .text.LL_GPIO_AF_Remap_SWJ_NOJTAG
                0x08000bc4       0x20 ./Core/Src/main.o
 .text.main     0x08000be4       0xc4 ./Core/Src/main.o
                0x08000be4                main
 .text.SystemClock_Config
                0x08000ca8       0x60 ./Core/Src/main.o
                0x08000ca8                SystemClock_Config
 .text.MX_SPI1_Init
                0x08000d08       0xb0 ./Core/Src/main.o
 .text.MX_GPIO_Init
                0x08000db8       0xb0 ./Core/Src/main.o
 .text.NMI_Handler
                0x08000e68        0x8 ./Core/Src/stm32f1xx_it.o
                0x08000e68                NMI_Handler
 .text.HardFault_Handler
                0x08000e70        0x8 ./Core/Src/stm32f1xx_it.o
                0x08000e70                HardFault_Handler
 .text.MemManage_Handler
                0x08000e78        0x8 ./Core/Src/stm32f1xx_it.o
                0x08000e78                MemManage_Handler
 .text.BusFault_Handler
                0x08000e80        0x8 ./Core/Src/stm32f1xx_it.o
                0x08000e80                BusFault_Handler
 .text.UsageFault_Handler
                0x08000e88        0x8 ./Core/Src/stm32f1xx_it.o
                0x08000e88                UsageFault_Handler
 .text.SVC_Handler
                0x08000e90        0xc ./Core/Src/stm32f1xx_it.o
                0x08000e90                SVC_Handler
 .text.DebugMon_Handler
                0x08000e9c        0xc ./Core/Src/stm32f1xx_it.o
                0x08000e9c                DebugMon_Handler
 .text.PendSV_Handler
                0x08000ea8        0xc ./Core/Src/stm32f1xx_it.o
                0x08000ea8                PendSV_Handler
 .text.SysTick_Handler
                0x08000eb4        0xc ./Core/Src/stm32f1xx_it.o
                0x08000eb4                SysTick_Handler
 .text.SystemInit
                0x08000ec0        0xc ./Core/Src/system_stm32f1xx.o
                0x08000ec0                SystemInit
 .text.Reset_Handler
                0x08000ecc       0x48 ./Core/Startup/startup_stm32f103c8tx.o
                0x08000ecc                Reset_Handler
 .text.Default_Handler
                0x08000f14        0x2 ./Core/Startup/startup_stm32f103c8tx.o
                0x08000f14                RTC_Alarm_IRQHandler
                0x08000f14                EXTI2_IRQHandler
                0x08000f14                TIM1_CC_IRQHandler
                0x08000f14                PVD_IRQHandler
                0x08000f14                EXTI3_IRQHandler
                0x08000f14                EXTI0_IRQHandler
                0x08000f14                I2C2_EV_IRQHandler
                0x08000f14                ADC1_2_IRQHandler
                0x08000f14                SPI1_IRQHandler
                0x08000f14                TAMPER_IRQHandler
                0x08000f14                DMA1_Channel4_IRQHandler
                0x08000f14                USART3_IRQHandler
                0x08000f14                RTC_IRQHandler
                0x08000f14                DMA1_Channel7_IRQHandler
                0x08000f14                CAN1_RX1_IRQHandler
                0x08000f14                TIM4_IRQHandler
                0x08000f14                I2C1_EV_IRQHandler
                0x08000f14                DMA1_Channel6_IRQHandler
                0x08000f14                TIM3_IRQHandler
                0x08000f14                RCC_IRQHandler
                0x08000f14                TIM1_TRG_COM_IRQHandler
                0x08000f14                DMA1_Channel1_IRQHandler
                0x08000f14                Default_Handler
                0x08000f14                EXTI15_10_IRQHandler
                0x08000f14                EXTI9_5_IRQHandler
                0x08000f14                SPI2_IRQHandler
                0x08000f14                DMA1_Channel5_IRQHandler
                0x08000f14                EXTI4_IRQHandler
                0x08000f14                USB_LP_CAN1_RX0_IRQHandler
                0x08000f14                USB_HP_CAN1_TX_IRQHandler
                0x08000f14                DMA1_Channel3_IRQHandler
                0x08000f14                TIM1_UP_IRQHandler
                0x08000f14                WWDG_IRQHandler
                0x08000f14                TIM2_IRQHandler
                0x08000f14                TIM1_BRK_IRQHandler
                0x08000f14                EXTI1_IRQHandler
                0x08000f14                USART2_IRQHandler
                0x08000f14                I2C2_ER_IRQHandler
                0x08000f14                DMA1_Channel2_IRQHandler
                0x08000f14                CAN1_SCE_IRQHandler
                0x08000f14                FLASH_IRQHandler
                0x08000f14                USART1_IRQHandler
                0x08000f14                I2C1_ER_IRQHandler
                0x08000f14                USBWakeUp_IRQHandler
 .text.LL_GPIO_SetPinMode
                0x08000f16       0x64 ./Drivers/STM32F1xx_HAL_Driver/Src/stm32f1xx_ll_gpio.o
 .text.LL_GPIO_SetPinSpeed
                0x08000f7a       0x64 ./Drivers/STM32F1xx_HAL_Driver/Src/stm32f1xx_ll_gpio.o
 .text.LL_GPIO_SetPinOutputType
                0x08000fde       0x64 ./Drivers/STM32F1xx_HAL_Driver/Src/stm32f1xx_ll_gpio.o
 .text.LL_GPIO_SetPinPull
                0x08001042       0x44 ./Drivers/STM32F1xx_HAL_Driver/Src/stm32f1xx_ll_gpio.o
 .text.LL_GPIO_Init
                0x08001086       0xcc ./Drivers/STM32F1xx_HAL_Driver/Src/stm32f1xx_ll_gpio.o
                0x08001086                LL_GPIO_Init
 .text.LL_SPI_IsEnabled
                0x08001152       0x24 ./Drivers/STM32F1xx_HAL_Driver/Src/stm32f1xx_ll_spi.o
 .text.LL_SPI_SetCRCPolynomial
                0x08001176       0x1e ./Drivers/STM32F1xx_HAL_Driver/Src/stm32f1xx_ll_spi.o
 .text.LL_SPI_Init
                0x08001194       0x98 ./Drivers/STM32F1xx_HAL_Driver/Src/stm32f1xx_ll_spi.o
                0x08001194                LL_SPI_Init
 .text.LL_InitTick
                0x0800122c       0x34 ./Drivers/STM32F1xx_HAL_Driver/Src/stm32f1xx_ll_utils.o
 .text.LL_Init1msTick
                0x08001260       0x1a ./Drivers/STM32F1xx_HAL_Driver/Src/stm32f1xx_ll_utils.o
                0x08001260                LL_Init1msTick
 *fill*         0x0800127a        0x2 
 .text.LL_mDelay
                0x0800127c       0x48 ./Drivers/STM32F1xx_HAL_Driver/Src/stm32f1xx_ll_utils.o
                0x0800127c                LL_mDelay
 .text.LL_SetSystemCoreClock
                0x080012c4       0x1c ./Drivers/STM32F1xx_HAL_Driver/Src/stm32f1xx_ll_utils.o
                0x080012c4                LL_SetSystemCoreClock
 .text.memset   0x080012e0       0x10 F:/STM32CubeIDE/STM32CubeIDE_1.14.1/STM32CubeIDE/plugins/com.st.stm32cube.ide.mcu.externaltools.gnu-tools-for-stm32.12.3.rel1.win32_1.0.100.202403111256/tools/bin/../lib/gcc/arm-none-eabi/12.3.1/../../../../arm-none-eabi/lib/thumb/v7-m/nofp\libc_nano.a(libc_a-memset.o)
                0x080012e0                memset
 .text.__libc_init_array
                0x080012f0       0x48 F:/STM32CubeIDE/STM32CubeIDE_1.14.1/STM32CubeIDE/plugins/com.st.stm32cube.ide.mcu.externaltools.gnu-tools-for-stm32.12.3.rel1.win32_1.0.100.202403111256/tools/bin/../lib/gcc/arm-none-eabi/12.3.1/../../../../arm-none-eabi/lib/thumb/v7-m/nofp\libc_nano.a(libc_a-init.o)
                0x080012f0                __libc_init_array
 *(.glue_7)
 .glue_7        0x08001338        0x0 linker stubs
 *(.glue_7t)
 .glue_7t       0x08001338        0x0 linker stubs
 *(.eh_frame)
 .eh_frame      0x08001338        0x0 F:/STM32CubeIDE/STM32CubeIDE_1.14.1/STM32CubeIDE/plugins/com.st.stm32cube.ide.mcu.externaltools.gnu-tools-for-stm32.12.3.rel1.win32_1.0.100.202403111256/tools/bin/../lib/gcc/arm-none-eabi/12.3.1/thumb/v7-m/nofp/crtbegin.o
 *(.init)
 .init          0x08001338        0x4 F:/STM32CubeIDE/STM32CubeIDE_1.14.1/STM32CubeIDE/plugins/com.st.stm32cube.ide.mcu.externaltools.gnu-tools-for-stm32.12.3.rel1.win32_1.0.100.202403111256/tools/bin/../lib/gcc/arm-none-eabi/12.3.1/thumb/v7-m/nofp/crti.o
                0x08001338                _init
 .init          0x0800133c        0x8 F:/STM32CubeIDE/STM32CubeIDE_1.14.1/STM32CubeIDE/plugins/com.st.stm32cube.ide.mcu.externaltools.gnu-tools-for-stm32.12.3.rel1.win32_1.0.100.202403111256/tools/bin/../lib/gcc/arm-none-eabi/12.3.1/thumb/v7-m/nofp/crtn.o
 *(.fini)
 .fini          0x08001344        0x4 F:/STM32CubeIDE/STM32CubeIDE_1.14.1/STM32CubeIDE/plugins/com.st.stm32cube.ide.mcu.externaltools.gnu-tools-for-stm32.12.3.rel1.win32_1.0.100.202403111256/tools/bin/../lib/gcc/arm-none-eabi/12.3.1/thumb/v7-m/nofp/crti.o
                0x08001344                _fini
 .fini          0x08001348        0x8 F:/STM32CubeIDE/STM32CubeIDE_1.14.1/STM32CubeIDE/plugins/com.st.stm32cube.ide.mcu.externaltools.gnu-tools-for-stm32.12.3.rel1.win32_1.0.100.202403111256/tools/bin/../lib/gcc/arm-none-eabi/12.3.1/thumb/v7-m/nofp/crtn.o
                0x08001350                        . = ALIGN (0x4)
                0x08001350                        _etext = .

.vfp11_veneer   0x08001350        0x0
 .vfp11_veneer  0x08001350        0x0 linker stubs

.v4_bx          0x08001350        0x0
 .v4_bx         0x08001350        0x0 linker stubs

.iplt           0x08001350        0x0
 .iplt          0x08001350        0x0 F:/STM32CubeIDE/STM32CubeIDE_1.14.1/STM32CubeIDE/plugins/com.st.stm32cube.ide.mcu.externaltools.gnu-tools-for-stm32.12.3.rel1.win32_1.0.100.202403111256/tools/bin/../lib/gcc/arm-none-eabi/12.3.1/thumb/v7-m/nofp/crtbegin.o

.rodata         0x08001350        0x0
                0x08001350                        . = ALIGN (0x4)
 *(.rodata)
 *(.rodata*)
                0x08001350                        . = ALIGN (0x4)

.ARM.extab      0x08001350        0x0
                0x08001350                        . = ALIGN (0x4)
 *(.ARM.extab* .gnu.linkonce.armextab.*)
                0x08001350                        . = ALIGN (0x4)

.ARM            0x08001350        0x0
                0x08001350                        . = ALIGN (0x4)
                0x08001350                        __exidx_start = .
 *(.ARM.exidx*)
                0x08001350                        __exidx_end = .
                0x08001350                        . = ALIGN (0x4)

.preinit_array  0x08001350        0x0
                0x08001350                        . = ALIGN (0x4)
                0x08001350                        PROVIDE (__preinit_array_start = .)
 *(.preinit_array*)
                0x08001350                        PROVIDE (__preinit_array_end = .)
                0x08001350                        . = ALIGN (0x4)

.init_array     0x08001350        0x4
                0x08001350                        . = ALIGN (0x4)
                0x08001350                        PROVIDE (__init_array_start = .)
 *(SORT_BY_NAME(.init_array.*))
 *(.init_array*)
 .init_array    0x08001350        0x4 F:/STM32CubeIDE/STM32CubeIDE_1.14.1/STM32CubeIDE/plugins/com.st.stm32cube.ide.mcu.externaltools.gnu-tools-for-stm32.12.3.rel1.win32_1.0.100.202403111256/tools/bin/../lib/gcc/arm-none-eabi/12.3.1/thumb/v7-m/nofp/crtbegin.o
                0x08001354                        PROVIDE (__init_array_end = .)
                0x08001354                        . = ALIGN (0x4)

.fini_array     0x08001354        0x4
                0x08001354                        . = ALIGN (0x4)
                [!provide]                        PROVIDE (__fini_array_start = .)
 *(SORT_BY_NAME(.fini_array.*))
 *(.fini_array*)
 .fini_array    0x08001354        0x4 F:/STM32CubeIDE/STM32CubeIDE_1.14.1/STM32CubeIDE/plugins/com.st.stm32cube.ide.mcu.externaltools.gnu-tools-for-stm32.12.3.rel1.win32_1.0.100.202403111256/tools/bin/../lib/gcc/arm-none-eabi/12.3.1/thumb/v7-m/nofp/crtbegin.o
                [!provide]                        PROVIDE (__fini_array_end = .)
                0x08001358                        . = ALIGN (0x4)
                0x08001358                        _sidata = LOADADDR (.data)

.rel.dyn        0x08001358        0x0
 .rel.iplt      0x08001358        0x0 F:/STM32CubeIDE/STM32CubeIDE_1.14.1/STM32CubeIDE/plugins/com.st.stm32cube.ide.mcu.externaltools.gnu-tools-for-stm32.12.3.rel1.win32_1.0.100.202403111256/tools/bin/../lib/gcc/arm-none-eabi/12.3.1/thumb/v7-m/nofp/crtbegin.o

.data           0x20000000        0x4 load address 0x08001358
                0x20000000                        . = ALIGN (0x4)
                0x20000000                        _sdata = .
 *(.data)
 *(.data*)
 .data.SystemCoreClock
                0x20000000        0x4 ./Core/Src/system_stm32f1xx.o
                0x20000000                SystemCoreClock
 *(.RamFunc)
 *(.RamFunc*)
                0x20000004                        . = ALIGN (0x4)
                0x20000004                        _edata = .

.igot.plt       0x20000004        0x0 load address 0x0800135c
 .igot.plt      0x20000004        0x0 F:/STM32CubeIDE/STM32CubeIDE_1.14.1/STM32CubeIDE/plugins/com.st.stm32cube.ide.mcu.externaltools.gnu-tools-for-stm32.12.3.rel1.win32_1.0.100.202403111256/tools/bin/../lib/gcc/arm-none-eabi/12.3.1/thumb/v7-m/nofp/crtbegin.o
                0x20000004                        . = ALIGN (0x4)

.bss            0x20000004       0x38 load address 0x0800135c
                0x20000004                        _sbss = .
                0x20000004                        __bss_start__ = _sbss
 *(.bss)
 .bss           0x20000004       0x1c F:/STM32CubeIDE/STM32CubeIDE_1.14.1/STM32CubeIDE/plugins/com.st.stm32cube.ide.mcu.externaltools.gnu-tools-for-stm32.12.3.rel1.win32_1.0.100.202403111256/tools/bin/../lib/gcc/arm-none-eabi/12.3.1/thumb/v7-m/nofp/crtbegin.o
 *(.bss*)
 .bss.ctrlStatus
                0x20000020        0x4 ./Core/Src/CANSPI.o
                0x20000020                ctrlStatus
 .bss.idReg     0x20000024        0x4 ./Core/Src/CANSPI.o
                0x20000024                idReg
 .bss.txMessage
                0x20000028       0x14 ./Core/Src/main.o
                0x20000028                txMessage
 *(COMMON)
                0x2000003c                        . = ALIGN (0x4)
                0x2000003c                        _ebss = .
                0x2000003c                        __bss_end__ = _ebss

._user_heap_stack
                0x2000003c      0x604 load address 0x0800135c
                0x20000040                        . = ALIGN (0x8)
 *fill*         0x2000003c        0x4 
                [!provide]                        PROVIDE (end = .)
                0x20000040                        PROVIDE (_end = .)
                0x20000240                        . = (. + _Min_Heap_Size)
 *fill*         0x20000040      0x200 
                0x20000640                        . = (. + _Min_Stack_Size)
 *fill*         0x20000240      0x400 
                0x20000640                        . = ALIGN (0x8)

/DISCARD/
 libc.a(*)
 libm.a(*)
 libgcc.a(*)

.ARM.attributes
                0x00000000       0x29
 *(.ARM.attributes)
 .ARM.attributes
                0x00000000       0x1d F:/STM32CubeIDE/STM32CubeIDE_1.14.1/STM32CubeIDE/plugins/com.st.stm32cube.ide.mcu.externaltools.gnu-tools-for-stm32.12.3.rel1.win32_1.0.100.202403111256/tools/bin/../lib/gcc/arm-none-eabi/12.3.1/thumb/v7-m/nofp/crti.o
 .ARM.attributes
                0x0000001d       0x2d F:/STM32CubeIDE/STM32CubeIDE_1.14.1/STM32CubeIDE/plugins/com.st.stm32cube.ide.mcu.externaltools.gnu-tools-for-stm32.12.3.rel1.win32_1.0.100.202403111256/tools/bin/../lib/gcc/arm-none-eabi/12.3.1/thumb/v7-m/nofp/crtbegin.o
 .ARM.attributes
                0x0000004a       0x2d ./Core/Src/CANSPI.o
 .ARM.attributes
                0x00000077       0x2d ./Core/Src/MCP2515.o
 .ARM.attributes
                0x000000a4       0x2d ./Core/Src/main.o
 .ARM.attributes
                0x000000d1       0x2d ./Core/Src/stm32f1xx_it.o
 .ARM.attributes
                0x000000fe       0x2d ./Core/Src/system_stm32f1xx.o
 .ARM.attributes
                0x0000012b       0x21 ./Core/Startup/startup_stm32f103c8tx.o
 .ARM.attributes
                0x0000014c       0x2d ./Drivers/STM32F1xx_HAL_Driver/Src/stm32f1xx_ll_gpio.o
 .ARM.attributes
                0x00000179       0x2d ./Drivers/STM32F1xx_HAL_Driver/Src/stm32f1xx_ll_spi.o
 .ARM.attributes
                0x000001a6       0x2d ./Drivers/STM32F1xx_HAL_Driver/Src/stm32f1xx_ll_utils.o
 .ARM.attributes
                0x000001d3       0x2d F:/STM32CubeIDE/STM32CubeIDE_1.14.1/STM32CubeIDE/plugins/com.st.stm32cube.ide.mcu.externaltools.gnu-tools-for-stm32.12.3.rel1.win32_1.0.100.202403111256/tools/bin/../lib/gcc/arm-none-eabi/12.3.1/../../../../arm-none-eabi/lib/thumb/v7-m/nofp\libc_nano.a(libc_a-memset.o)
 .ARM.attributes
                0x00000200       0x2d F:/STM32CubeIDE/STM32CubeIDE_1.14.1/STM32CubeIDE/plugins/com.st.stm32cube.ide.mcu.externaltools.gnu-tools-for-stm32.12.3.rel1.win32_1.0.100.202403111256/tools/bin/../lib/gcc/arm-none-eabi/12.3.1/../../../../arm-none-eabi/lib/thumb/v7-m/nofp\libc_nano.a(libc_a-init.o)
 .ARM.attributes
                0x0000022d       0x1d F:/STM32CubeIDE/STM32CubeIDE_1.14.1/STM32CubeIDE/plugins/com.st.stm32cube.ide.mcu.externaltools.gnu-tools-for-stm32.12.3.rel1.win32_1.0.100.202403111256/tools/bin/../lib/gcc/arm-none-eabi/12.3.1/thumb/v7-m/nofp/crtn.o
OUTPUT(stm32f103c8t6CAN.elf elf32-littlearm)
LOAD linker stubs
LOAD F:/STM32CubeIDE/STM32CubeIDE_1.14.1/STM32CubeIDE/plugins/com.st.stm32cube.ide.mcu.externaltools.gnu-tools-for-stm32.12.3.rel1.win32_1.0.100.202403111256/tools/bin/../lib/gcc/arm-none-eabi/12.3.1/../../../../arm-none-eabi/lib/thumb/v7-m/nofp\libc.a
LOAD F:/STM32CubeIDE/STM32CubeIDE_1.14.1/STM32CubeIDE/plugins/com.st.stm32cube.ide.mcu.externaltools.gnu-tools-for-stm32.12.3.rel1.win32_1.0.100.202403111256/tools/bin/../lib/gcc/arm-none-eabi/12.3.1/../../../../arm-none-eabi/lib/thumb/v7-m/nofp\libm.a
LOAD F:/STM32CubeIDE/STM32CubeIDE_1.14.1/STM32CubeIDE/plugins/com.st.stm32cube.ide.mcu.externaltools.gnu-tools-for-stm32.12.3.rel1.win32_1.0.100.202403111256/tools/bin/../lib/gcc/arm-none-eabi/12.3.1/thumb/v7-m/nofp\libgcc.a

.debug_info     0x00000000     0x352b
 .debug_info    0x00000000      0xb0c ./Core/Src/CANSPI.o
 .debug_info    0x00000b0c      0x6cd ./Core/Src/MCP2515.o
 .debug_info    0x000011d9      0xe57 ./Core/Src/main.o
 .debug_info    0x00002030      0x145 ./Core/Src/stm32f1xx_it.o
 .debug_info    0x00002175      0x21b ./Core/Src/system_stm32f1xx.o
 .debug_info    0x00002390       0x30 ./Core/Startup/startup_stm32f103c8tx.o
 .debug_info    0x000023c0      0x59a ./Drivers/STM32F1xx_HAL_Driver/Src/stm32f1xx_ll_gpio.o
 .debug_info    0x0000295a      0x3f0 ./Drivers/STM32F1xx_HAL_Driver/Src/stm32f1xx_ll_spi.o
 .debug_info    0x00002d4a      0x7e1 ./Drivers/STM32F1xx_HAL_Driver/Src/stm32f1xx_ll_utils.o

.debug_abbrev   0x00000000      0xedb
 .debug_abbrev  0x00000000      0x20e ./Core/Src/CANSPI.o
 .debug_abbrev  0x0000020e      0x20f ./Core/Src/MCP2515.o
 .debug_abbrev  0x0000041d      0x2fa ./Core/Src/main.o
 .debug_abbrev  0x00000717       0x80 ./Core/Src/stm32f1xx_it.o
 .debug_abbrev  0x00000797      0x13f ./Core/Src/system_stm32f1xx.o
 .debug_abbrev  0x000008d6       0x24 ./Core/Startup/startup_stm32f103c8tx.o
 .debug_abbrev  0x000008fa      0x20d ./Drivers/STM32F1xx_HAL_Driver/Src/stm32f1xx_ll_gpio.o
 .debug_abbrev  0x00000b07      0x186 ./Drivers/STM32F1xx_HAL_Driver/Src/stm32f1xx_ll_spi.o
 .debug_abbrev  0x00000c8d      0x24e ./Drivers/STM32F1xx_HAL_Driver/Src/stm32f1xx_ll_utils.o

.debug_aranges  0x00000000      0x498
 .debug_aranges
                0x00000000       0x70 ./Core/Src/CANSPI.o
 .debug_aranges
                0x00000070       0xe8 ./Core/Src/MCP2515.o
 .debug_aranges
                0x00000158       0xd8 ./Core/Src/main.o
 .debug_aranges
                0x00000230       0x60 ./Core/Src/stm32f1xx_it.o
 .debug_aranges
                0x00000290       0x28 ./Core/Src/system_stm32f1xx.o
 .debug_aranges
                0x000002b8       0x28 ./Core/Startup/startup_stm32f103c8tx.o
 .debug_aranges
                0x000002e0       0x60 ./Drivers/STM32F1xx_HAL_Driver/Src/stm32f1xx_ll_gpio.o
 .debug_aranges
                0x00000340       0x60 ./Drivers/STM32F1xx_HAL_Driver/Src/stm32f1xx_ll_spi.o
 .debug_aranges
                0x000003a0       0xf8 ./Drivers/STM32F1xx_HAL_Driver/Src/stm32f1xx_ll_utils.o

.debug_rnglists
                0x00000000      0x352
 .debug_rnglists
                0x00000000       0x53 ./Core/Src/CANSPI.o
 .debug_rnglists
                0x00000053       0xa9 ./Core/Src/MCP2515.o
 .debug_rnglists
                0x000000fc       0xa0 ./Core/Src/main.o
 .debug_rnglists
                0x0000019c       0x43 ./Core/Src/stm32f1xx_it.o
 .debug_rnglists
                0x000001df       0x1a ./Core/Src/system_stm32f1xx.o
 .debug_rnglists
                0x000001f9       0x19 ./Core/Startup/startup_stm32f103c8tx.o
 .debug_rnglists
                0x00000212       0x45 ./Drivers/STM32F1xx_HAL_Driver/Src/stm32f1xx_ll_gpio.o
 .debug_rnglists
                0x00000257       0x44 ./Drivers/STM32F1xx_HAL_Driver/Src/stm32f1xx_ll_spi.o
 .debug_rnglists
                0x0000029b       0xb7 ./Drivers/STM32F1xx_HAL_Driver/Src/stm32f1xx_ll_utils.o

.debug_macro    0x00000000    0x11d17
 .debug_macro   0x00000000      0x14c ./Core/Src/CANSPI.o
 .debug_macro   0x0000014c      0xad8 ./Core/Src/CANSPI.o
 .debug_macro   0x00000c24       0x22 ./Core/Src/CANSPI.o
 .debug_macro   0x00000c46       0x2e ./Core/Src/CANSPI.o
 .debug_macro   0x00000c74       0x22 ./Core/Src/CANSPI.o
 .debug_macro   0x00000c96       0x22 ./Core/Src/CANSPI.o
 .debug_macro   0x00000cb8       0x8e ./Core/Src/CANSPI.o
 .debug_macro   0x00000d46       0x51 ./Core/Src/CANSPI.o
 .debug_macro   0x00000d97      0x103 ./Core/Src/CANSPI.o
 .debug_macro   0x00000e9a       0x6a ./Core/Src/CANSPI.o
 .debug_macro   0x00000f04      0x1df ./Core/Src/CANSPI.o
 .debug_macro   0x000010e3       0x1c ./Core/Src/CANSPI.o
 .debug_macro   0x000010ff       0x22 ./Core/Src/CANSPI.o
 .debug_macro   0x00001121       0xbd ./Core/Src/CANSPI.o
 .debug_macro   0x000011de      0xd23 ./Core/Src/CANSPI.o
 .debug_macro   0x00001f01     0xe09e ./Core/Src/CANSPI.o
 .debug_macro   0x0000ff9f       0x6d ./Core/Src/CANSPI.o
 .debug_macro   0x0001000c      0x2b8 ./Core/Src/CANSPI.o
 .debug_macro   0x000102c4       0xd7 ./Core/Src/CANSPI.o
 .debug_macro   0x0001039b       0x74 ./Core/Src/CANSPI.o
 .debug_macro   0x0001040f       0xd0 ./Core/Src/CANSPI.o
 .debug_macro   0x000104df       0x28 ./Core/Src/CANSPI.o
 .debug_macro   0x00010507       0x2a ./Core/Src/CANSPI.o
 .debug_macro   0x00010531       0x90 ./Core/Src/CANSPI.o
 .debug_macro   0x000105c1      0x287 ./Core/Src/CANSPI.o
 .debug_macro   0x00010848      0x115 ./Core/Src/CANSPI.o
 .debug_macro   0x0001095d      0x229 ./Core/Src/CANSPI.o
 .debug_macro   0x00010b86       0x3a ./Core/Src/CANSPI.o
 .debug_macro   0x00010bc0       0x10 ./Core/Src/CANSPI.o
 .debug_macro   0x00010bd0      0x1ba ./Core/Src/CANSPI.o
 .debug_macro   0x00010d8a      0x15b ./Core/Src/MCP2515.o
 .debug_macro   0x00010ee5      0x1b4 ./Core/Src/MCP2515.o
 .debug_macro   0x00011099      0x147 ./Core/Src/main.o
 .debug_macro   0x000111e0      0x135 ./Core/Src/stm32f1xx_it.o
 .debug_macro   0x00011315       0xbc ./Core/Src/system_stm32f1xx.o
 .debug_macro   0x000113d1       0xf8 ./Drivers/STM32F1xx_HAL_Driver/Src/stm32f1xx_ll_gpio.o
 .debug_macro   0x000114c9      0x223 ./Drivers/STM32F1xx_HAL_Driver/Src/stm32f1xx_ll_gpio.o
 .debug_macro   0x000116ec      0x125 ./Drivers/STM32F1xx_HAL_Driver/Src/stm32f1xx_ll_spi.o
 .debug_macro   0x00011811      0x10f ./Drivers/STM32F1xx_HAL_Driver/Src/stm32f1xx_ll_spi.o
 .debug_macro   0x00011920      0x2be ./Drivers/STM32F1xx_HAL_Driver/Src/stm32f1xx_ll_spi.o
 .debug_macro   0x00011bde      0x139 ./Drivers/STM32F1xx_HAL_Driver/Src/stm32f1xx_ll_utils.o

.debug_line     0x00000000     0x40b8
 .debug_line    0x00000000      0x8e6 ./Core/Src/CANSPI.o
 .debug_line    0x000008e6      0xa03 ./Core/Src/MCP2515.o
 .debug_line    0x000012e9      0x9dc ./Core/Src/main.o
 .debug_line    0x00001cc5      0x6b5 ./Core/Src/stm32f1xx_it.o
 .debug_line    0x0000237a      0x560 ./Core/Src/system_stm32f1xx.o
 .debug_line    0x000028da       0x78 ./Core/Startup/startup_stm32f103c8tx.o
 .debug_line    0x00002952      0x76a ./Drivers/STM32F1xx_HAL_Driver/Src/stm32f1xx_ll_gpio.o
 .debug_line    0x000030bc      0x676 ./Drivers/STM32F1xx_HAL_Driver/Src/stm32f1xx_ll_spi.o
 .debug_line    0x00003732      0x986 ./Drivers/STM32F1xx_HAL_Driver/Src/stm32f1xx_ll_utils.o

.debug_str      0x00000000    0x5bf26
 .debug_str     0x00000000    0x59e0b ./Core/Src/CANSPI.o
                              0x5a041 (size before relaxing)
 .debug_str     0x00059e0b      0x232 ./Core/Src/MCP2515.o
                              0x59cec (size before relaxing)
 .debug_str     0x0005a03d      0x6e1 ./Core/Src/main.o
                              0x59c6a (size before relaxing)
 .debug_str     0x0005a71e       0xbd ./Core/Src/stm32f1xx_it.o
                              0x593bb (size before relaxing)
 .debug_str     0x0005a7db       0x74 ./Core/Src/system_stm32f1xx.o
                              0x54759 (size before relaxing)
 .debug_str     0x0005a84f       0x44 ./Core/Startup/startup_stm32f103c8tx.o
                                 0x7e (size before relaxing)
 .debug_str     0x0005a893      0x3f6 ./Drivers/STM32F1xx_HAL_Driver/Src/stm32f1xx_ll_gpio.o
                              0x5609c (size before relaxing)
 .debug_str     0x0005ac89      0x781 ./Drivers/STM32F1xx_HAL_Driver/Src/stm32f1xx_ll_spi.o
                              0x56c6d (size before relaxing)
 .debug_str     0x0005b40a      0xb1c ./Drivers/STM32F1xx_HAL_Driver/Src/stm32f1xx_ll_utils.o
                              0x56918 (size before relaxing)

.comment        0x00000000       0x43
 .comment       0x00000000       0x43 ./Core/Src/CANSPI.o
                                 0x44 (size before relaxing)
 .comment       0x00000043       0x44 ./Core/Src/MCP2515.o
 .comment       0x00000043       0x44 ./Core/Src/main.o
 .comment       0x00000043       0x44 ./Core/Src/stm32f1xx_it.o
 .comment       0x00000043       0x44 ./Core/Src/system_stm32f1xx.o
 .comment       0x00000043       0x44 ./Drivers/STM32F1xx_HAL_Driver/Src/stm32f1xx_ll_gpio.o
 .comment       0x00000043       0x44 ./Drivers/STM32F1xx_HAL_Driver/Src/stm32f1xx_ll_spi.o
 .comment       0x00000043       0x44 ./Drivers/STM32F1xx_HAL_Driver/Src/stm32f1xx_ll_utils.o

.debug_frame    0x00000000     0x116c
 .debug_frame   0x00000000      0x1a0 ./Core/Src/CANSPI.o
 .debug_frame   0x000001a0      0x3c8 ./Core/Src/MCP2515.o
 .debug_frame   0x00000568      0x378 ./Core/Src/main.o
 .debug_frame   0x000008e0      0x108 ./Core/Src/stm32f1xx_it.o
 .debug_frame   0x000009e8       0x58 ./Core/Src/system_stm32f1xx.o
 .debug_frame   0x00000a40      0x170 ./Drivers/STM32F1xx_HAL_Driver/Src/stm32f1xx_ll_gpio.o
 .debug_frame   0x00000bb0      0x170 ./Drivers/STM32F1xx_HAL_Driver/Src/stm32f1xx_ll_spi.o
 .debug_frame   0x00000d20      0x400 ./Drivers/STM32F1xx_HAL_Driver/Src/stm32f1xx_ll_utils.o
 .debug_frame   0x00001120       0x20 F:/STM32CubeIDE/STM32CubeIDE_1.14.1/STM32CubeIDE/plugins/com.st.stm32cube.ide.mcu.externaltools.gnu-tools-for-stm32.12.3.rel1.win32_1.0.100.202403111256/tools/bin/../lib/gcc/arm-none-eabi/12.3.1/../../../../arm-none-eabi/lib/thumb/v7-m/nofp\libc_nano.a(libc_a-memset.o)
 .debug_frame   0x00001140       0x2c F:/STM32CubeIDE/STM32CubeIDE_1.14.1/STM32CubeIDE/plugins/com.st.stm32cube.ide.mcu.externaltools.gnu-tools-for-stm32.12.3.rel1.win32_1.0.100.202403111256/tools/bin/../lib/gcc/arm-none-eabi/12.3.1/../../../../arm-none-eabi/lib/thumb/v7-m/nofp\libc_nano.a(libc_a-init.o)

.debug_line_str
                0x00000000       0x62
 .debug_line_str
                0x00000000       0x62 ./Core/Startup/startup_stm32f103c8tx.o
