../Drivers/STM32F1xx_HAL_Driver/Inc/stm32f1xx_ll_rcc.h:838:22:LL_RCC_HSI_Enable	4	static
../Drivers/STM32F1xx_HAL_Driver/Inc/stm32f1xx_ll_rcc.h:858:26:LL_RCC_HSI_IsReady	4	static
../Drivers/STM32F1xx_HAL_Driver/Inc/stm32f1xx_ll_rcc.h:884:22:LL_RCC_HSI_SetCalibTrimming	16	static
../Drivers/STM32F1xx_HAL_Driver/Inc/stm32f1xx_ll_rcc.h:1012:22:LL_RCC_SetSysClkSource	16	static
../Drivers/STM32F1xx_HAL_Driver/Inc/stm32f1xx_ll_rcc.h:1025:26:LL_RCC_GetSysClkSource	4	static
../Drivers/STM32F1xx_HAL_Driver/Inc/stm32f1xx_ll_rcc.h:1096:26:LL_RCC_GetAHBPrescaler	4	static
../Drivers/STM32F1xx_HAL_Driver/Inc/stm32f1xx_ll_rcc.h:1111:26:LL_RCC_GetAPB1Prescaler	4	static
../Drivers/STM32F1xx_HAL_Driver/Inc/stm32f1xx_ll_rcc.h:1126:26:LL_RCC_GetAPB2Prescaler	4	static
../Drivers/STM32F1xx_HAL_Driver/Inc/stm32f1xx_ll_rcc.h:1261:26:LL_RCC_GetUSBClockSource	16	static
../Drivers/STM32F1xx_HAL_Driver/Inc/stm32f1xx_ll_rcc.h:1278:26:LL_RCC_GetADCClockSource	16	static
../Drivers/STM32F1xx_HAL_Driver/Inc/stm32f1xx_ll_rcc.h:1406:26:LL_RCC_PLL_IsReady	4	static
../Drivers/STM32F1xx_HAL_Driver/Inc/stm32f1xx_ll_rcc.h:1518:26:LL_RCC_PLL_GetMainSource	4	static
../Drivers/STM32F1xx_HAL_Driver/Inc/stm32f1xx_ll_rcc.h:1552:26:LL_RCC_PLL_GetMultiplicator	4	static
../Drivers/STM32F1xx_HAL_Driver/Inc/stm32f1xx_ll_rcc.h:1582:26:LL_RCC_PLL_GetPrediv	4	static
../Drivers/STM32F1xx_HAL_Driver/Inc/stm32f1xx_ll_rcc.h:2026:22:LL_RCC_ClearResetFlags	4	static
../Drivers/STM32F1xx_HAL_Driver/Src/stm32f1xx_ll_rcc.c:101:13:LL_RCC_DeInit	8	static
../Drivers/STM32F1xx_HAL_Driver/Src/stm32f1xx_ll_rcc.c:188:6:LL_RCC_GetSystemClocksFreq	16	static
../Drivers/STM32F1xx_HAL_Driver/Src/stm32f1xx_ll_rcc.c:245:10:LL_RCC_GetUSBClockFreq	24	static
../Drivers/STM32F1xx_HAL_Driver/Src/stm32f1xx_ll_rcc.c:304:10:LL_RCC_GetADCClockFreq	32	static,ignoring_inline_asm
../Drivers/STM32F1xx_HAL_Driver/Src/stm32f1xx_ll_rcc.c:338:10:RCC_GetSystemClockFreq	16	static
../Drivers/STM32F1xx_HAL_Driver/Src/stm32f1xx_ll_rcc.c:370:10:RCC_GetHCLKClockFreq	16	static
../Drivers/STM32F1xx_HAL_Driver/Src/stm32f1xx_ll_rcc.c:381:10:RCC_GetPCLK1ClockFreq	16	static
../Drivers/STM32F1xx_HAL_Driver/Src/stm32f1xx_ll_rcc.c:392:10:RCC_GetPCLK2ClockFreq	16	static
../Drivers/STM32F1xx_HAL_Driver/Src/stm32f1xx_ll_rcc.c:402:10:RCC_PLL_GetFreqDomain_SYS	16	static
