../Drivers/STM32F1xx_HAL_Driver/Inc/stm32f1xx_ll_spi.h:696:26:LL_SPI_IsActiveFlag_RXNE	16	static
../Drivers/STM32F1xx_HAL_Driver/Inc/stm32f1xx_ll_spi.h:707:26:LL_SPI_IsActiveFlag_TXE	16	static
../Drivers/STM32F1xx_HAL_Driver/Inc/stm32f1xx_ll_spi.h:758:26:LL_SPI_IsActiveFlag_BSY	16	static
../Drivers/STM32F1xx_HAL_Driver/Inc/stm32f1xx_ll_spi.h:1030:25:LL_SPI_ReceiveData8	16	static
../Drivers/STM32F1xx_HAL_Driver/Inc/stm32f1xx_ll_spi.h:1053:22:LL_SPI_TransmitData8	24	static
../Drivers/STM32F1xx_HAL_Driver/Inc/stm32f1xx_ll_gpio.h:803:22:LL_GPIO_SetOutputPin	16	static
../Drivers/STM32F1xx_HAL_Driver/Inc/stm32f1xx_ll_gpio.h:832:22:LL_GPIO_ResetOutputPin	16	static
../Core/Src/MCP2515.c:40:6:MCP2515_Initialize	16	static
../Core/Src/MCP2515.c:56:6:MCP2515_SetConfigMode	16	static
../Core/Src/MCP2515.c:76:6:MCP2515_SetNormalMode	16	static
../Core/Src/MCP2515.c:96:6:MCP2515_SetSleepMode	16	static
../Core/Src/MCP2515.c:116:6:MCP2515_Reset	8	static
../Core/Src/MCP2515.c:126:9:MCP2515_ReadByte	24	static
../Core/Src/MCP2515.c:142:6:MCP2515_ReadRxSequence	16	static
../Core/Src/MCP2515.c:153:6:MCP2515_WriteByte	16	static
../Core/Src/MCP2515.c:165:6:MCP2515_WriteByteSequence	16	static
../Core/Src/MCP2515.c:177:6:MCP2515_LoadTxSequence	24	static
../Core/Src/MCP2515.c:190:6:MCP2515_LoadTxBuffer	16	static
../Core/Src/MCP2515.c:201:6:MCP2515_RequestToSend	16	static
../Core/Src/MCP2515.c:211:9:MCP2515_ReadStatus	16	static
../Core/Src/MCP2515.c:226:9:MCP2515_GetRxStatus	16	static
../Core/Src/MCP2515.c:241:6:MCP2515_BitModify	16	static
../Core/Src/MCP2515.c:254:13:SPI_Tx	16	static
../Core/Src/MCP2515.c:265:13:SPI_TxBuffer	24	static
../Core/Src/MCP2515.c:274:16:SPI_Rx	8	static
../Core/Src/MCP2515.c:285:13:SPI_RxBuffer	32	static
